// Jest Snapshot v1, https://goo.gl/fbAQLP

exports[`config in test should match snapshot 1`] = `
Config {
  "config": null,
  "consoleOnly": false,
  "get": [Function],
  "has": [Function],
  "henri": null,
  "info": [Function],
  "init": [Function],
  "key": null,
  "name": "config",
  "reload": [Function],
  "reloadable": true,
  "runlevel": 0,
  "setup": [Function],
  "start": [Function],
}
`;
